node_modules/@expo/vector-icons/build/createIconSet.d.ts(1,8): error TS1259: Module '"/home/c1c3ru/MyGym/node_modules/@types/react/index"' can only be default-imported using the 'esModuleInterop' flag
node_modules/@react-navigation/core/lib/typescript/src/StaticNavigation.d.ts(35,27): error TS2315: Type 'StaticParamList' is not generic.
node_modules/@react-navigation/core/lib/typescript/src/StaticNavigation.d.ts(35,137): error TS2315: Type 'StaticParamList' is not generic.
node_modules/@react-navigation/core/lib/typescript/src/StaticNavigation.d.ts(130,13): error TS2456: Type alias 'StaticParamList' circularly references itself.
node_modules/@react-navigation/core/lib/typescript/src/useNavigationBuilder.d.ts(86,136): error TS2344: Type 'Omit<{ dispatch(action: Readonly<{ type: string; payload?: object; source?: string; target?: string; }> | ((state: Readonly<State>) => Readonly<{ type: string; payload?: object; source?: string; target?: string; }>)): void; ... 9 more ...; getState(): State; } & PrivateValueStore<...>, "getParent"> & ... 4 more ... ...' does not satisfy the constraint 'NavigationProp<any, any, any, any, any, any>'.
  Type 'Omit<{ dispatch(action: Readonly<{ type: string; payload?: object; source?: string; target?: string; }> | ((state: Readonly<State>) => Readonly<{ type: string; payload?: object; source?: string; target?: string; }>)): void; ... 9 more ...; getState(): State; } & PrivateValueStore<...>, "getParent"> & ... 4 more ... ...' is not assignable to type 'Omit<NavigationHelpersCommon<any, any>, "getParent">'.
    Types of property 'preload' are incompatible.
      Type '<RouteName extends string>(...args: RouteName extends unknown ? [screen: RouteName, params?: object] : never) => void' is not assignable to type '<RouteName extends string | number | symbol>(...args: RouteName extends unknown ? [screen: RouteName, params?: any] : never) => void'.
        Types of parameters 'screen' and 'args' are incompatible.
          Type 'RouteName extends unknown ? [screen: RouteName, params?: any] : never' is not assignable to type '[screen: string, params?: object]'.
            Type '[screen: string, params?: any] | [screen: number, params?: any] | [screen: symbol, params?: any]' is not assignable to type '[screen: string, params?: object]'.
              Type '[screen: number, params?: any]' is not assignable to type '[screen: string, params?: object]'.
                Type at position 0 in source is not compatible with type at position 0 in target.
                  Type 'number' is not assignable to type 'string'.
node_modules/@react-navigation/core/lib/typescript/src/useNavigationBuilder.d.ts(138,77): error TS2344: Type 'Omit<{ dispatch(action: Readonly<{ type: string; payload?: object; source?: string; target?: string; }> | ((state: Readonly<State>) => Readonly<{ type: string; payload?: object; source?: string; target?: string; }>)): void; ... 9 more ...; getState(): State; } & PrivateValueStore<...>, "getParent"> & ... 4 more ... ...' does not satisfy the constraint 'NavigationProp<any, any, any, any, any, any>'.
  Type 'Omit<{ dispatch(action: Readonly<{ type: string; payload?: object; source?: string; target?: string; }> | ((state: Readonly<State>) => Readonly<{ type: string; payload?: object; source?: string; target?: string; }>)): void; ... 9 more ...; getState(): State; } & PrivateValueStore<...>, "getParent"> & ... 4 more ... ...' is not assignable to type 'Omit<NavigationHelpersCommon<any, any>, "getParent">'.
    Types of property 'preload' are incompatible.
      Type '<RouteName extends string>(...args: RouteName extends unknown ? [screen: RouteName, params?: object] : never) => void' is not assignable to type '<RouteName extends string | number | symbol>(...args: RouteName extends unknown ? [screen: RouteName, params?: any] : never) => void'.
        Types of parameters 'screen' and 'args' are incompatible.
          Type 'RouteName extends unknown ? [screen: RouteName, params?: any] : never' is not assignable to type '[screen: string, params?: object]'.
            Type '[screen: string, params?: any] | [screen: number, params?: any] | [screen: symbol, params?: any]' is not assignable to type '[screen: string, params?: object]'.
              Type '[screen: number, params?: any]' is not assignable to type '[screen: string, params?: object]'.
                Type at position 0 in source is not compatible with type at position 0 in target.
                  Type 'number' is not assignable to type 'string'.
node_modules/@types/node/module.d.ts(879,13): error TS2403: Subsequent variable declarations must have the same type.  Variable 'require' must be of type 'NodeRequire', but here has type 'Require'.
node_modules/react-native-paper/lib/typescript/components/Appbar/AppbarAction.d.ts(3,32): error TS2307: Cannot find module 'src/types' or its corresponding type declarations.
node_modules/react-native-paper/lib/typescript/components/Card/CardActions.d.ts(3,32): error TS2307: Cannot find module 'src/types' or its corresponding type declarations.
node_modules/react-native-paper/lib/typescript/components/DataTable/DataTablePagination.d.ts(3,32): error TS2307: Cannot find module 'src/types' or its corresponding type declarations.
node_modules/react-native-paper/lib/typescript/components/Dialog/DialogActions.d.ts(3,32): error TS2307: Cannot find module 'src/types' or its corresponding type declarations.
node_modules/react-native-paper/lib/typescript/components/Dialog/DialogIcon.d.ts(2,32): error TS2307: Cannot find module 'src/types' or its corresponding type declarations.
node_modules/react-native-paper/lib/typescript/components/Dialog/DialogScrollArea.d.ts(3,32): error TS2307: Cannot find module 'src/types' or its corresponding type declarations.
node_modules/react-native-paper/lib/typescript/components/List/ListSubheader.d.ts(3,32): error TS2307: Cannot find module 'src/types' or its corresponding type declarations.
node_modules/react-native-paper/lib/typescript/components/List/utils.d.ts(3,62): error TS2307: Cannot find module 'src/types' or its corresponding type declarations.
node_modules/react-native-paper/lib/typescript/components/MaterialCommunityIcon.d.ts(20,78): error TS2307: Cannot find module '@react-native-vector-icons/material-design-icons' or its corresponding type declarations.
node_modules/react-native-paper/lib/typescript/components/Portal/Portal.d.ts(2,36): error TS2307: Cannot find module 'src/types' or its corresponding type declarations.
node_modules/react-native-paper/lib/typescript/components/SegmentedButtons/SegmentedButtons.d.ts(3,32): error TS2307: Cannot find module 'src/types' or its corresponding type declarations.
node_modules/react-native-paper/lib/typescript/components/TextInput/Adornment/TextInputAffix.d.ts(1,8): error TS1259: Module '"/home/c1c3ru/MyGym/node_modules/@types/react/index"' can only be default-imported using the 'esModuleInterop' flag
node_modules/react-native-paper/lib/typescript/components/TextInput/Adornment/TextInputIcon.d.ts(1,8): error TS1259: Module '"/home/c1c3ru/MyGym/node_modules/@types/react/index"' can only be default-imported using the 'esModuleInterop' flag
node_modules/react-native-paper/lib/typescript/components/Tooltip/Tooltip.d.ts(2,32): error TS2307: Cannot find module 'src/types' or its corresponding type declarations.
node_modules/react-native-paper/lib/typescript/components/Typography/AnimatedText.d.ts(33,72): error TS2503: Cannot find namespace 'JSX'.
node_modules/react-native-paper/lib/typescript/components/Typography/Text.d.ts(32,7): error TS2503: Cannot find namespace 'JSX'.
node_modules/react-native-paper/lib/typescript/react-navigation/navigators/createMaterialBottomTabNavigator.d.ts(4,47): error TS2314: Generic type 'DefaultNavigatorOptions' requires 6 type argument(s).
node_modules/react-native-paper/lib/typescript/react-navigation/navigators/createMaterialBottomTabNavigator.d.ts(10,64): error TS2707: Generic type 'TypedNavigator' requires between 1 and 2 type arguments.
node_modules/react-native/src/types/globals.d.ts(10,1): error TS6200: Definitions of the following identifiers conflict with those in another file: EndingType, BlobPart, BufferSource, FormData, RequestInfo, XMLHttpRequestResponseType, AbortSignal, AbortController
node_modules/react-native/src/types/globals.d.ts(124,7): error TS2403: Subsequent variable declarations must have the same type.  Variable 'Blob' must be of type '{ new (blobParts?: BlobPart[], options?: BlobPropertyBag): Blob; prototype: Blob; }', but here has type '{ new (blobParts?: (string | Blob)[], options?: BlobOptions): Blob; prototype: Blob; }'.
node_modules/react-native/src/types/globals.d.ts(224,5): error TS2717: Subsequent property declarations must have the same type.  Property 'body' must be of type 'BodyInit', but here has type 'BodyInit_'.
node_modules/react-native/src/types/globals.d.ts(233,5): error TS2717: Subsequent property declarations must have the same type.  Property 'signal' must be of type 'AbortSignal', but here has type 'AbortSignal'.
node_modules/react-native/src/types/globals.d.ts(243,14): error TS2717: Subsequent property declarations must have the same type.  Property 'signal' must be of type 'AbortSignal', but here has type 'AbortSignal'.
node_modules/react-native/src/types/globals.d.ts(247,7): error TS2403: Subsequent variable declarations must have the same type.  Variable 'Request' must be of type '{ new (input: RequestInfo | URL, init?: RequestInit): Request; prototype: Request; }', but here has type '{ new (input: string | Request, init?: RequestInit): Request; prototype: Request; }'.
node_modules/react-native/src/types/globals.d.ts(271,7): error TS2403: Subsequent variable declarations must have the same type.  Variable 'Response' must be of type '{ new (body?: BodyInit, init?: ResponseInit): Response; prototype: Response; error(): Response; json(data: any, init?: ResponseInit): Response; redirect(url: string | URL, status?: number): Response; }', but here has type '{ new (body?: BodyInit_, init?: ResponseInit): Response; prototype: Response; error(): Response; json(data: any, init?: ResponseInit): Response; redirect: (url: string | URL, status?: number) => Response; }'.
node_modules/react-native/src/types/globals.d.ts(356,5): error TS2717: Subsequent property declarations must have the same type.  Property 'abort' must be of type 'ProgressEvent<XMLHttpRequestEventTarget>', but here has type 'ProgressEvent<EventTarget>'.
node_modules/react-native/src/types/globals.d.ts(357,5): error TS2717: Subsequent property declarations must have the same type.  Property 'error' must be of type 'ProgressEvent<XMLHttpRequestEventTarget>', but here has type 'ProgressEvent<EventTarget>'.
node_modules/react-native/src/types/globals.d.ts(358,5): error TS2717: Subsequent property declarations must have the same type.  Property 'load' must be of type 'ProgressEvent<XMLHttpRequestEventTarget>', but here has type 'ProgressEvent<EventTarget>'.
node_modules/react-native/src/types/globals.d.ts(359,5): error TS2717: Subsequent property declarations must have the same type.  Property 'loadend' must be of type 'ProgressEvent<XMLHttpRequestEventTarget>', but here has type 'ProgressEvent<EventTarget>'.
node_modules/react-native/src/types/globals.d.ts(360,5): error TS2717: Subsequent property declarations must have the same type.  Property 'loadstart' must be of type 'ProgressEvent<XMLHttpRequestEventTarget>', but here has type 'ProgressEvent<EventTarget>'.
node_modules/react-native/src/types/globals.d.ts(361,5): error TS2717: Subsequent property declarations must have the same type.  Property 'progress' must be of type 'ProgressEvent<XMLHttpRequestEventTarget>', but here has type 'ProgressEvent<EventTarget>'.
node_modules/react-native/src/types/globals.d.ts(362,5): error TS2717: Subsequent property declarations must have the same type.  Property 'timeout' must be of type 'ProgressEvent<XMLHttpRequestEventTarget>', but here has type 'ProgressEvent<EventTarget>'.
node_modules/react-native/src/types/globals.d.ts(429,7): error TS2403: Subsequent variable declarations must have the same type.  Variable 'URL' must be of type '{ new (url: string | URL, base?: string | URL): URL; prototype: URL; canParse(url: string | URL, base?: string | URL): boolean; createObjectURL(obj: Blob | MediaSource): string; parse(url: string | URL, base?: string | URL): URL; revokeObjectURL(url: string): void; }', but here has type '{ new (url: string | URL, base?: string | URL): URL; prototype: URL; createObjectURL(obj: Blob): string; revokeObjectURL(url: string): void; }'.
node_modules/react-native/src/types/globals.d.ts(492,5): error TS2717: Subsequent property declarations must have the same type.  Property 'onopen' must be of type '(this: WebSocket, ev: Event) => any', but here has type '() => void'.
node_modules/react-native/src/types/globals.d.ts(493,5): error TS2717: Subsequent property declarations must have the same type.  Property 'onmessage' must be of type '(this: WebSocket, ev: MessageEvent<any>) => any', but here has type '(event: WebSocketMessageEvent) => void'.
node_modules/react-native/src/types/globals.d.ts(494,5): error TS2717: Subsequent property declarations must have the same type.  Property 'onerror' must be of type '(this: WebSocket, ev: Event) => any', but here has type '(event: WebSocketErrorEvent) => void'.
node_modules/react-native/src/types/globals.d.ts(495,5): error TS2717: Subsequent property declarations must have the same type.  Property 'onclose' must be of type '(this: WebSocket, ev: CloseEvent) => any', but here has type '(event: WebSocketCloseEvent) => void'.
node_modules/react-native/src/types/globals.d.ts(496,5): error TS2717: Subsequent property declarations must have the same type.  Property 'addEventListener' must be of type '{ <K extends keyof WebSocketEventMap>(type: K, listener: (this: WebSocket, ev: WebSocketEventMap[K]) => any, options?: boolean | AddEventListenerOptions): void; (type: string, listener: EventListenerOrEventListenerObject, options?: boolean | AddEventListenerOptions): void; }', but here has type 'WebsocketEventListener'.
node_modules/react-native/src/types/globals.d.ts(497,5): error TS2717: Subsequent property declarations must have the same type.  Property 'removeEventListener' must be of type '{ <K extends keyof WebSocketEventMap>(type: K, listener: (this: WebSocket, ev: WebSocketEventMap[K]) => any, options?: boolean | EventListenerOptions): void; (type: string, listener: EventListenerOrEventListenerObject, options?: boolean | EventListenerOptions): void; }', but here has type 'WebsocketEventListener'.
node_modules/react-native/src/types/globals.d.ts(500,7): error TS2403: Subsequent variable declarations must have the same type.  Variable 'WebSocket' must be of type '{ new (url: string | URL, protocols?: string | string[]): WebSocket; prototype: WebSocket; readonly CONNECTING: 0; readonly OPEN: 1; readonly CLOSING: 2; readonly CLOSED: 3; }', but here has type '{ new (uri: string, protocols?: string | string[], options?: { [optionName: string]: any; headers: { [headerName: string]: string; }; }): WebSocket; prototype: WebSocket; readonly CLOSED: number; readonly CLOSING: number; readonly CONNECTING: number; readonly OPEN: number; }'.
node_modules/react-native/src/types/globals.d.ts(585,14): error TS2717: Subsequent property declarations must have the same type.  Property 'error' must be of type 'DOMException', but here has type 'Error'.
node_modules/react-native/src/types/globals.d.ts(598,14): error TS2717: Subsequent property declarations must have the same type.  Property 'readyState' must be of type '0 | 2 | 1', but here has type 'number'.
node_modules/typescript/lib/lib.dom.d.ts(23,1): error TS6200: Definitions of the following identifiers conflict with those in another file: EndingType, BlobPart, BufferSource, FormData, RequestInfo, XMLHttpRequestResponseType, AbortSignal, AbortController
src/presentation/screens/shared/PrivacySettingsScreen.tsx(1,8): error TS1259: Module '"/home/c1c3ru/MyGym/node_modules/@types/react/index"' can only be default-imported using the 'esModuleInterop' flag
src/presentation/screens/shared/PrivacySettingsScreen.tsx(15,25): error TS2307: Cannot find module '@contexts/AuthProvider' or its corresponding type declarations.
src/presentation/screens/shared/PrivacySettingsScreen.tsx(16,26): error TS2307: Cannot find module '@contexts/ThemeContext' or its corresponding type declarations.
src/presentation/screens/shared/PrivacySettingsScreen.tsx(17,34): error TS2307: Cannot find module '@services/firestoreService' or its corresponding type declarations.
src/presentation/screens/shared/PrivacySettingsScreen.tsx(18,72): error TS2307: Cannot find module '@presentation/theme/designTokens' or its corresponding type declarations.
src/presentation/screens/shared/PrivacySettingsScreen.tsx(19,32): error TS2307: Cannot find module '@contexts/ThemeToggleContext' or its corresponding type declarations.
src/presentation/screens/shared/PrivacySettingsScreen.tsx(20,33): error TS2307: Cannot find module '@presentation/theme/authTheme' or its corresponding type declarations.
src/presentation/screens/shared/PrivacySettingsScreen.tsx(197,5): error TS17004: Cannot use JSX unless the '--jsx' flag is provided.
src/presentation/screens/shared/PrivacySettingsScreen.tsx(201,7): error TS17004: Cannot use JSX unless the '--jsx' flag is provided.
src/presentation/screens/shared/PrivacySettingsScreen.tsx(202,9): error TS17004: Cannot use JSX unless the '--jsx' flag is provided.
src/presentation/screens/shared/PrivacySettingsScreen.tsx(204,11): error TS17004: Cannot use JSX unless the '--jsx' flag is provided.
src/presentation/screens/shared/PrivacySettingsScreen.tsx(204,12): error TS2322: Type '{ style: { margin: any; marginTop: any; elevation: number; }; }' is not assignable to type '(Omit<OutlinedCardProps & $Omit<Omit<Props, "ref"> & RefAttributes<View>, "mode"> & { mode?: Mode; children: ReactNode; ... 11 more ...; accessible?: boolean; }, "ref"> | Omit<...> | Omit<...>) & RefAttributes<...>'.
  Type '{ style: { margin: any; marginTop: any; elevation: number; }; }' is not assignable to type 'Omit<ContainedCardProps & $Omit<Omit<Props, "ref"> & RefAttributes<View>, "mode"> & { mode?: Mode; children: ReactNode; ... 11 more ...; accessible?: boolean; }, "ref"> & RefAttributes<...>'.
    Property 'children' is missing in type '{ style: { margin: any; marginTop: any; elevation: number; }; }' but required in type 'Omit<ContainedCardProps & $Omit<Omit<Props, "ref"> & RefAttributes<View>, "mode"> & { mode?: Mode; children: ReactNode; ... 11 more ...; accessible?: boolean; }, "ref">'.
src/presentation/screens/shared/PrivacySettingsScreen.tsx(205,13): error TS17004: Cannot use JSX unless the '--jsx' flag is provided.
src/presentation/screens/shared/PrivacySettingsScreen.tsx(205,14): error TS2322: Type '{}' is not assignable to type 'Props'.
  Property 'children' is missing in type '{}' but required in type '{ children: ReactNode; index?: number; total?: number; siblings?: string[]; style?: StyleProp<ViewStyle>; }'.
src/presentation/screens/shared/PrivacySettingsScreen.tsx(206,15): error TS17004: Cannot use JSX unless the '--jsx' flag is provided.
src/presentation/screens/shared/PrivacySettingsScreen.tsx(207,17): error TS17004: Cannot use JSX unless the '--jsx' flag is provided.
src/presentation/screens/shared/PrivacySettingsScreen.tsx(208,17): error TS17004: Cannot use JSX unless the '--jsx' flag is provided.
src/presentation/screens/shared/PrivacySettingsScreen.tsx(208,18): error TS2322: Type '{ style: ({ marginLeft: number; fontSize: any; flex: number; } | { fontWeight: any; color: any; })[]; }' is not assignable to type 'TextProps & { variant?: VariantProp<never>; children: ReactNode; theme?: ThemeProp; style?: StyleProp<TextStyle>; } & { ...; }'.
  Property 'children' is missing in type '{ style: ({ marginLeft: number; fontSize: any; flex: number; } | { fontWeight: any; color: any; })[]; }' but required in type '{ variant?: VariantProp<never>; children: ReactNode; theme?: ThemeProp; style?: StyleProp<TextStyle>; }'.
src/presentation/screens/shared/PrivacySettingsScreen.tsx(209,17): error TS17004: Cannot use JSX unless the '--jsx' flag is provided.
src/presentation/screens/shared/PrivacySettingsScreen.tsx(209,18): error TS2322: Type '{ mode: "outlined"; style: { borderColor: any; }; textStyle: { fontSize: any; }; }' is not assignable to type 'Props'.
  Property 'children' is missing in type '{ mode: "outlined"; style: { borderColor: any; }; textStyle: { fontSize: any; }; }' but required in type '$Omit<Omit<Props, "ref"> & RefAttributes<View>, "mode">'.
src/presentation/screens/shared/PrivacySettingsScreen.tsx(218,15): error TS17004: Cannot use JSX unless the '--jsx' flag is provided.
src/presentation/screens/shared/PrivacySettingsScreen.tsx(218,16): error TS2322: Type '{ style: ({ fontSize: any; color: any; } | { marginBottom: any; color: any; lineHeight: number; })[]; }' is not assignable to type 'TextProps & { variant?: VariantProp<never>; children: ReactNode; theme?: ThemeProp; style?: StyleProp<TextStyle>; } & { ...; }'.
  Property 'children' is missing in type '{ style: ({ fontSize: any; color: any; } | { marginBottom: any; color: any; lineHeight: number; })[]; }' but required in type '{ variant?: VariantProp<never>; children: ReactNode; theme?: ThemeProp; style?: StyleProp<TextStyle>; }'.
src/presentation/screens/shared/PrivacySettingsScreen.tsx(223,17): error TS17004: Cannot use JSX unless the '--jsx' flag is provided.
src/presentation/screens/shared/PrivacySettingsScreen.tsx(223,18): error TS2322: Type '{ style: { fontSize: any; color: any; fontStyle: "italic"; }; }' is not assignable to type 'TextProps & { variant?: VariantProp<never>; children: ReactNode; theme?: ThemeProp; style?: StyleProp<TextStyle>; } & { ...; }'.
  Property 'children' is missing in type '{ style: { fontSize: any; color: any; fontStyle: "italic"; }; }' but required in type '{ variant?: VariantProp<never>; children: ReactNode; theme?: ThemeProp; style?: StyleProp<TextStyle>; }'.
src/presentation/screens/shared/PrivacySettingsScreen.tsx(231,11): error TS17004: Cannot use JSX unless the '--jsx' flag is provided.
src/presentation/screens/shared/PrivacySettingsScreen.tsx(231,12): error TS2322: Type '{ style: { margin: any; marginTop: any; elevation: number; }; }' is not assignable to type '(Omit<OutlinedCardProps & $Omit<Omit<Props, "ref"> & RefAttributes<View>, "mode"> & { mode?: Mode; children: ReactNode; ... 11 more ...; accessible?: boolean; }, "ref"> | Omit<...> | Omit<...>) & RefAttributes<...>'.
  Type '{ style: { margin: any; marginTop: any; elevation: number; }; }' is not assignable to type 'Omit<ContainedCardProps & $Omit<Omit<Props, "ref"> & RefAttributes<View>, "mode"> & { mode?: Mode; children: ReactNode; ... 11 more ...; accessible?: boolean; }, "ref"> & RefAttributes<...>'.
    Property 'children' is missing in type '{ style: { margin: any; marginTop: any; elevation: number; }; }' but required in type 'Omit<ContainedCardProps & $Omit<Omit<Props, "ref"> & RefAttributes<View>, "mode"> & { mode?: Mode; children: ReactNode; ... 11 more ...; accessible?: boolean; }, "ref">'.
src/presentation/screens/shared/PrivacySettingsScreen.tsx(232,13): error TS17004: Cannot use JSX unless the '--jsx' flag is provided.
src/presentation/screens/shared/PrivacySettingsScreen.tsx(232,14): error TS2322: Type '{}' is not assignable to type 'Props'.
  Property 'children' is missing in type '{}' but required in type '{ children: ReactNode; index?: number; total?: number; siblings?: string[]; style?: StyleProp<ViewStyle>; }'.
src/presentation/screens/shared/PrivacySettingsScreen.tsx(233,15): error TS17004: Cannot use JSX unless the '--jsx' flag is provided.
src/presentation/screens/shared/PrivacySettingsScreen.tsx(234,17): error TS17004: Cannot use JSX unless the '--jsx' flag is provided.
src/presentation/screens/shared/PrivacySettingsScreen.tsx(235,17): error TS17004: Cannot use JSX unless the '--jsx' flag is provided.
src/presentation/screens/shared/PrivacySettingsScreen.tsx(235,18): error TS2322: Type '{ style: ({ marginLeft: number; fontSize: any; flex: number; } | { fontWeight: any; color: any; })[]; }' is not assignable to type 'TextProps & { variant?: VariantProp<never>; children: ReactNode; theme?: ThemeProp; style?: StyleProp<TextStyle>; } & { ...; }'.
  Property 'children' is missing in type '{ style: ({ marginLeft: number; fontSize: any; flex: number; } | { fontWeight: any; color: any; })[]; }' but required in type '{ variant?: VariantProp<never>; children: ReactNode; theme?: ThemeProp; style?: StyleProp<TextStyle>; }'.
src/presentation/screens/shared/PrivacySettingsScreen.tsx(238,15): error TS17004: Cannot use JSX unless the '--jsx' flag is provided.
src/presentation/screens/shared/PrivacySettingsScreen.tsx(241,29): error TS17004: Cannot use JSX unless the '--jsx' flag is provided.
src/presentation/screens/shared/PrivacySettingsScreen.tsx(243,19): error TS17004: Cannot use JSX unless the '--jsx' flag is provided.
src/presentation/screens/shared/PrivacySettingsScreen.tsx(249,15): error TS17004: Cannot use JSX unless the '--jsx' flag is provided.
src/presentation/screens/shared/PrivacySettingsScreen.tsx(251,15): error TS17004: Cannot use JSX unless the '--jsx' flag is provided.
src/presentation/screens/shared/PrivacySettingsScreen.tsx(254,29): error TS17004: Cannot use JSX unless the '--jsx' flag is provided.
src/presentation/screens/shared/PrivacySettingsScreen.tsx(256,19): error TS17004: Cannot use JSX unless the '--jsx' flag is provided.
src/presentation/screens/shared/PrivacySettingsScreen.tsx(262,15): error TS17004: Cannot use JSX unless the '--jsx' flag is provided.
src/presentation/screens/shared/PrivacySettingsScreen.tsx(264,15): error TS17004: Cannot use JSX unless the '--jsx' flag is provided.
src/presentation/screens/shared/PrivacySettingsScreen.tsx(267,29): error TS17004: Cannot use JSX unless the '--jsx' flag is provided.
src/presentation/screens/shared/PrivacySettingsScreen.tsx(269,19): error TS17004: Cannot use JSX unless the '--jsx' flag is provided.
src/presentation/screens/shared/PrivacySettingsScreen.tsx(275,15): error TS17004: Cannot use JSX unless the '--jsx' flag is provided.
src/presentation/screens/shared/PrivacySettingsScreen.tsx(277,15): error TS17004: Cannot use JSX unless the '--jsx' flag is provided.
src/presentation/screens/shared/PrivacySettingsScreen.tsx(280,29): error TS17004: Cannot use JSX unless the '--jsx' flag is provided.
src/presentation/screens/shared/PrivacySettingsScreen.tsx(282,19): error TS17004: Cannot use JSX unless the '--jsx' flag is provided.
src/presentation/screens/shared/PrivacySettingsScreen.tsx(292,11): error TS17004: Cannot use JSX unless the '--jsx' flag is provided.
src/presentation/screens/shared/PrivacySettingsScreen.tsx(292,12): error TS2322: Type '{ style: { margin: any; marginTop: any; elevation: number; }; }' is not assignable to type '(Omit<OutlinedCardProps & $Omit<Omit<Props, "ref"> & RefAttributes<View>, "mode"> & { mode?: Mode; children: ReactNode; ... 11 more ...; accessible?: boolean; }, "ref"> | Omit<...> | Omit<...>) & RefAttributes<...>'.
  Type '{ style: { margin: any; marginTop: any; elevation: number; }; }' is not assignable to type 'Omit<ContainedCardProps & $Omit<Omit<Props, "ref"> & RefAttributes<View>, "mode"> & { mode?: Mode; children: ReactNode; ... 11 more ...; accessible?: boolean; }, "ref"> & RefAttributes<...>'.
    Property 'children' is missing in type '{ style: { margin: any; marginTop: any; elevation: number; }; }' but required in type 'Omit<ContainedCardProps & $Omit<Omit<Props, "ref"> & RefAttributes<View>, "mode"> & { mode?: Mode; children: ReactNode; ... 11 more ...; accessible?: boolean; }, "ref">'.
src/presentation/screens/shared/PrivacySettingsScreen.tsx(293,13): error TS17004: Cannot use JSX unless the '--jsx' flag is provided.
src/presentation/screens/shared/PrivacySettingsScreen.tsx(293,14): error TS2322: Type '{}' is not assignable to type 'Props'.
  Property 'children' is missing in type '{}' but required in type '{ children: ReactNode; index?: number; total?: number; siblings?: string[]; style?: StyleProp<ViewStyle>; }'.
src/presentation/screens/shared/PrivacySettingsScreen.tsx(294,15): error TS17004: Cannot use JSX unless the '--jsx' flag is provided.
src/presentation/screens/shared/PrivacySettingsScreen.tsx(295,17): error TS17004: Cannot use JSX unless the '--jsx' flag is provided.
src/presentation/screens/shared/PrivacySettingsScreen.tsx(296,17): error TS17004: Cannot use JSX unless the '--jsx' flag is provided.
src/presentation/screens/shared/PrivacySettingsScreen.tsx(296,18): error TS2322: Type '{ style: ({ marginLeft: number; fontSize: any; flex: number; } | { fontWeight: any; color: any; })[]; }' is not assignable to type 'TextProps & { variant?: VariantProp<never>; children: ReactNode; theme?: ThemeProp; style?: StyleProp<TextStyle>; } & { ...; }'.
  Property 'children' is missing in type '{ style: ({ marginLeft: number; fontSize: any; flex: number; } | { fontWeight: any; color: any; })[]; }' but required in type '{ variant?: VariantProp<never>; children: ReactNode; theme?: ThemeProp; style?: StyleProp<TextStyle>; }'.
src/presentation/screens/shared/PrivacySettingsScreen.tsx(299,15): error TS17004: Cannot use JSX unless the '--jsx' flag is provided.
src/presentation/screens/shared/PrivacySettingsScreen.tsx(302,29): error TS17004: Cannot use JSX unless the '--jsx' flag is provided.
src/presentation/screens/shared/PrivacySettingsScreen.tsx(303,30): error TS17004: Cannot use JSX unless the '--jsx' flag is provided.
src/presentation/screens/shared/PrivacySettingsScreen.tsx(317,15): error TS17004: Cannot use JSX unless the '--jsx' flag is provided.
src/presentation/screens/shared/PrivacySettingsScreen.tsx(319,15): error TS17004: Cannot use JSX unless the '--jsx' flag is provided.
src/presentation/screens/shared/PrivacySettingsScreen.tsx(322,29): error TS17004: Cannot use JSX unless the '--jsx' flag is provided.
src/presentation/screens/shared/PrivacySettingsScreen.tsx(324,19): error TS17004: Cannot use JSX unless the '--jsx' flag is provided.
src/presentation/screens/shared/PrivacySettingsScreen.tsx(330,15): error TS17004: Cannot use JSX unless the '--jsx' flag is provided.
src/presentation/screens/shared/PrivacySettingsScreen.tsx(332,15): error TS17004: Cannot use JSX unless the '--jsx' flag is provided.
src/presentation/screens/shared/PrivacySettingsScreen.tsx(335,29): error TS17004: Cannot use JSX unless the '--jsx' flag is provided.
src/presentation/screens/shared/PrivacySettingsScreen.tsx(337,19): error TS17004: Cannot use JSX unless the '--jsx' flag is provided.
src/presentation/screens/shared/PrivacySettingsScreen.tsx(347,11): error TS17004: Cannot use JSX unless the '--jsx' flag is provided.
src/presentation/screens/shared/PrivacySettingsScreen.tsx(347,12): error TS2322: Type '{ style: { margin: any; marginTop: any; elevation: number; }; }' is not assignable to type '(Omit<OutlinedCardProps & $Omit<Omit<Props, "ref"> & RefAttributes<View>, "mode"> & { mode?: Mode; children: ReactNode; ... 11 more ...; accessible?: boolean; }, "ref"> | Omit<...> | Omit<...>) & RefAttributes<...>'.
  Type '{ style: { margin: any; marginTop: any; elevation: number; }; }' is not assignable to type 'Omit<ContainedCardProps & $Omit<Omit<Props, "ref"> & RefAttributes<View>, "mode"> & { mode?: Mode; children: ReactNode; ... 11 more ...; accessible?: boolean; }, "ref"> & RefAttributes<...>'.
    Property 'children' is missing in type '{ style: { margin: any; marginTop: any; elevation: number; }; }' but required in type 'Omit<ContainedCardProps & $Omit<Omit<Props, "ref"> & RefAttributes<View>, "mode"> & { mode?: Mode; children: ReactNode; ... 11 more ...; accessible?: boolean; }, "ref">'.
src/presentation/screens/shared/PrivacySettingsScreen.tsx(348,13): error TS17004: Cannot use JSX unless the '--jsx' flag is provided.
src/presentation/screens/shared/PrivacySettingsScreen.tsx(348,14): error TS2322: Type '{}' is not assignable to type 'Props'.
  Property 'children' is missing in type '{}' but required in type '{ children: ReactNode; index?: number; total?: number; siblings?: string[]; style?: StyleProp<ViewStyle>; }'.
src/presentation/screens/shared/PrivacySettingsScreen.tsx(349,15): error TS17004: Cannot use JSX unless the '--jsx' flag is provided.
src/presentation/screens/shared/PrivacySettingsScreen.tsx(350,17): error TS17004: Cannot use JSX unless the '--jsx' flag is provided.
src/presentation/screens/shared/PrivacySettingsScreen.tsx(351,17): error TS17004: Cannot use JSX unless the '--jsx' flag is provided.
src/presentation/screens/shared/PrivacySettingsScreen.tsx(351,18): error TS2322: Type '{ style: ({ marginLeft: number; fontSize: any; flex: number; } | { fontWeight: any; color: any; })[]; }' is not assignable to type 'TextProps & { variant?: VariantProp<never>; children: ReactNode; theme?: ThemeProp; style?: StyleProp<TextStyle>; } & { ...; }'.
  Property 'children' is missing in type '{ style: ({ marginLeft: number; fontSize: any; flex: number; } | { fontWeight: any; color: any; })[]; }' but required in type '{ variant?: VariantProp<never>; children: ReactNode; theme?: ThemeProp; style?: StyleProp<TextStyle>; }'.
src/presentation/screens/shared/PrivacySettingsScreen.tsx(354,15): error TS17004: Cannot use JSX unless the '--jsx' flag is provided.
src/presentation/screens/shared/PrivacySettingsScreen.tsx(357,29): error TS17004: Cannot use JSX unless the '--jsx' flag is provided.
src/presentation/screens/shared/PrivacySettingsScreen.tsx(359,19): error TS17004: Cannot use JSX unless the '--jsx' flag is provided.
src/presentation/screens/shared/PrivacySettingsScreen.tsx(365,15): error TS17004: Cannot use JSX unless the '--jsx' flag is provided.
src/presentation/screens/shared/PrivacySettingsScreen.tsx(367,15): error TS17004: Cannot use JSX unless the '--jsx' flag is provided.
src/presentation/screens/shared/PrivacySettingsScreen.tsx(370,29): error TS17004: Cannot use JSX unless the '--jsx' flag is provided.
src/presentation/screens/shared/PrivacySettingsScreen.tsx(372,19): error TS17004: Cannot use JSX unless the '--jsx' flag is provided.
src/presentation/screens/shared/PrivacySettingsScreen.tsx(378,15): error TS17004: Cannot use JSX unless the '--jsx' flag is provided.
src/presentation/screens/shared/PrivacySettingsScreen.tsx(380,15): error TS17004: Cannot use JSX unless the '--jsx' flag is provided.
src/presentation/screens/shared/PrivacySettingsScreen.tsx(383,29): error TS17004: Cannot use JSX unless the '--jsx' flag is provided.
src/presentation/screens/shared/PrivacySettingsScreen.tsx(385,19): error TS17004: Cannot use JSX unless the '--jsx' flag is provided.
src/presentation/screens/shared/PrivacySettingsScreen.tsx(395,11): error TS17004: Cannot use JSX unless the '--jsx' flag is provided.
src/presentation/screens/shared/PrivacySettingsScreen.tsx(395,12): error TS2322: Type '{ style: { margin: any; marginTop: any; elevation: number; }; }' is not assignable to type '(Omit<OutlinedCardProps & $Omit<Omit<Props, "ref"> & RefAttributes<View>, "mode"> & { mode?: Mode; children: ReactNode; ... 11 more ...; accessible?: boolean; }, "ref"> | Omit<...> | Omit<...>) & RefAttributes<...>'.
  Type '{ style: { margin: any; marginTop: any; elevation: number; }; }' is not assignable to type 'Omit<ContainedCardProps & $Omit<Omit<Props, "ref"> & RefAttributes<View>, "mode"> & { mode?: Mode; children: ReactNode; ... 11 more ...; accessible?: boolean; }, "ref"> & RefAttributes<...>'.
    Property 'children' is missing in type '{ style: { margin: any; marginTop: any; elevation: number; }; }' but required in type 'Omit<ContainedCardProps & $Omit<Omit<Props, "ref"> & RefAttributes<View>, "mode"> & { mode?: Mode; children: ReactNode; ... 11 more ...; accessible?: boolean; }, "ref">'.
src/presentation/screens/shared/PrivacySettingsScreen.tsx(396,13): error TS17004: Cannot use JSX unless the '--jsx' flag is provided.
src/presentation/screens/shared/PrivacySettingsScreen.tsx(396,14): error TS2322: Type '{}' is not assignable to type 'Props'.
  Property 'children' is missing in type '{}' but required in type '{ children: ReactNode; index?: number; total?: number; siblings?: string[]; style?: StyleProp<ViewStyle>; }'.
src/presentation/screens/shared/PrivacySettingsScreen.tsx(397,15): error TS17004: Cannot use JSX unless the '--jsx' flag is provided.
src/presentation/screens/shared/PrivacySettingsScreen.tsx(398,17): error TS17004: Cannot use JSX unless the '--jsx' flag is provided.
src/presentation/screens/shared/PrivacySettingsScreen.tsx(399,17): error TS17004: Cannot use JSX unless the '--jsx' flag is provided.
src/presentation/screens/shared/PrivacySettingsScreen.tsx(399,18): error TS2322: Type '{ style: ({ marginLeft: number; fontSize: any; flex: number; } | { fontWeight: any; color: any; })[]; }' is not assignable to type 'TextProps & { variant?: VariantProp<never>; children: ReactNode; theme?: ThemeProp; style?: StyleProp<TextStyle>; } & { ...; }'.
  Property 'children' is missing in type '{ style: ({ marginLeft: number; fontSize: any; flex: number; } | { fontWeight: any; color: any; })[]; }' but required in type '{ variant?: VariantProp<never>; children: ReactNode; theme?: ThemeProp; style?: StyleProp<TextStyle>; }'.
src/presentation/screens/shared/PrivacySettingsScreen.tsx(402,15): error TS17004: Cannot use JSX unless the '--jsx' flag is provided.
src/presentation/screens/shared/PrivacySettingsScreen.tsx(405,29): error TS17004: Cannot use JSX unless the '--jsx' flag is provided.
src/presentation/screens/shared/PrivacySettingsScreen.tsx(406,30): error TS17004: Cannot use JSX unless the '--jsx' flag is provided.
src/presentation/screens/shared/PrivacySettingsScreen.tsx(409,15): error TS17004: Cannot use JSX unless the '--jsx' flag is provided.
src/presentation/screens/shared/PrivacySettingsScreen.tsx(411,15): error TS17004: Cannot use JSX unless the '--jsx' flag is provided.
src/presentation/screens/shared/PrivacySettingsScreen.tsx(414,29): error TS17004: Cannot use JSX unless the '--jsx' flag is provided.
src/presentation/screens/shared/PrivacySettingsScreen.tsx(415,30): error TS17004: Cannot use JSX unless the '--jsx' flag is provided.
src/presentation/screens/shared/PrivacySettingsScreen.tsx(418,15): error TS17004: Cannot use JSX unless the '--jsx' flag is provided.
src/presentation/screens/shared/PrivacySettingsScreen.tsx(420,15): error TS17004: Cannot use JSX unless the '--jsx' flag is provided.
src/presentation/screens/shared/PrivacySettingsScreen.tsx(423,29): error TS17004: Cannot use JSX unless the '--jsx' flag is provided.
src/presentation/screens/shared/PrivacySettingsScreen.tsx(424,30): error TS17004: Cannot use JSX unless the '--jsx' flag is provided.
src/presentation/screens/shared/PrivacySettingsScreen.tsx(432,11): error TS17004: Cannot use JSX unless the '--jsx' flag is provided.
src/presentation/screens/shared/PrivacySettingsScreen.tsx(432,12): error TS2322: Type '{ style: { margin: any; marginTop: any; elevation: number; }; }' is not assignable to type '(Omit<OutlinedCardProps & $Omit<Omit<Props, "ref"> & RefAttributes<View>, "mode"> & { mode?: Mode; children: ReactNode; ... 11 more ...; accessible?: boolean; }, "ref"> | Omit<...> | Omit<...>) & RefAttributes<...>'.
  Type '{ style: { margin: any; marginTop: any; elevation: number; }; }' is not assignable to type 'Omit<ContainedCardProps & $Omit<Omit<Props, "ref"> & RefAttributes<View>, "mode"> & { mode?: Mode; children: ReactNode; ... 11 more ...; accessible?: boolean; }, "ref"> & RefAttributes<...>'.
    Property 'children' is missing in type '{ style: { margin: any; marginTop: any; elevation: number; }; }' but required in type 'Omit<ContainedCardProps & $Omit<Omit<Props, "ref"> & RefAttributes<View>, "mode"> & { mode?: Mode; children: ReactNode; ... 11 more ...; accessible?: boolean; }, "ref">'.
src/presentation/screens/shared/PrivacySettingsScreen.tsx(433,13): error TS17004: Cannot use JSX unless the '--jsx' flag is provided.
src/presentation/screens/shared/PrivacySettingsScreen.tsx(433,14): error TS2322: Type '{}' is not assignable to type 'Props'.
  Property 'children' is missing in type '{}' but required in type '{ children: ReactNode; index?: number; total?: number; siblings?: string[]; style?: StyleProp<ViewStyle>; }'.
src/presentation/screens/shared/PrivacySettingsScreen.tsx(434,15): error TS17004: Cannot use JSX unless the '--jsx' flag is provided.
src/presentation/screens/shared/PrivacySettingsScreen.tsx(434,16): error TS2322: Type '{ style: ({ marginLeft: number; fontSize: any; flex: number; } | { fontWeight: any; color: any; })[]; }' is not assignable to type 'TextProps & { variant?: VariantProp<never>; children: ReactNode; theme?: ThemeProp; style?: StyleProp<TextStyle>; } & { ...; }'.
  Property 'children' is missing in type '{ style: ({ marginLeft: number; fontSize: any; flex: number; } | { fontWeight: any; color: any; })[]; }' but required in type '{ variant?: VariantProp<never>; children: ReactNode; theme?: ThemeProp; style?: StyleProp<TextStyle>; }'.
src/presentation/screens/shared/PrivacySettingsScreen.tsx(435,15): error TS17004: Cannot use JSX unless the '--jsx' flag is provided.
src/presentation/screens/shared/PrivacySettingsScreen.tsx(435,16): error TS2322: Type '{ style: { marginBottom: any; color: any; fontSize: any; }; }' is not assignable to type 'TextProps & { variant?: VariantProp<never>; children: ReactNode; theme?: ThemeProp; style?: StyleProp<TextStyle>; } & { ...; }'.
  Property 'children' is missing in type '{ style: { marginBottom: any; color: any; fontSize: any; }; }' but required in type '{ variant?: VariantProp<never>; children: ReactNode; theme?: ThemeProp; style?: StyleProp<TextStyle>; }'.
src/presentation/screens/shared/PrivacySettingsScreen.tsx(438,15): error TS17004: Cannot use JSX unless the '--jsx' flag is provided.
src/presentation/screens/shared/PrivacySettingsScreen.tsx(438,16): error TS2322: Type '{ style: { marginBottom: any; color: any; fontSize: any; }; }' is not assignable to type 'TextProps & { variant?: VariantProp<never>; children: ReactNode; theme?: ThemeProp; style?: StyleProp<TextStyle>; } & { ...; }'.
  Property 'children' is missing in type '{ style: { marginBottom: any; color: any; fontSize: any; }; }' but required in type '{ variant?: VariantProp<never>; children: ReactNode; theme?: ThemeProp; style?: StyleProp<TextStyle>; }'.
src/presentation/screens/shared/PrivacySettingsScreen.tsx(441,15): error TS17004: Cannot use JSX unless the '--jsx' flag is provided.
src/presentation/screens/shared/PrivacySettingsScreen.tsx(441,16): error TS2322: Type '{ style: { marginBottom: any; color: any; fontSize: any; }; }' is not assignable to type 'TextProps & { variant?: VariantProp<never>; children: ReactNode; theme?: ThemeProp; style?: StyleProp<TextStyle>; } & { ...; }'.
  Property 'children' is missing in type '{ style: { marginBottom: any; color: any; fontSize: any; }; }' but required in type '{ variant?: VariantProp<never>; children: ReactNode; theme?: ThemeProp; style?: StyleProp<TextStyle>; }'.
src/presentation/screens/shared/PrivacySettingsScreen.tsx(444,15): error TS17004: Cannot use JSX unless the '--jsx' flag is provided.
src/presentation/screens/shared/PrivacySettingsScreen.tsx(444,16): error TS2322: Type '{ style: { marginBottom: any; color: any; fontSize: any; }; }' is not assignable to type 'TextProps & { variant?: VariantProp<never>; children: ReactNode; theme?: ThemeProp; style?: StyleProp<TextStyle>; } & { ...; }'.
  Property 'children' is missing in type '{ style: { marginBottom: any; color: any; fontSize: any; }; }' but required in type '{ variant?: VariantProp<never>; children: ReactNode; theme?: ThemeProp; style?: StyleProp<TextStyle>; }'.
src/presentation/screens/shared/PrivacySettingsScreen.tsx(451,11): error TS17004: Cannot use JSX unless the '--jsx' flag is provided.
src/presentation/screens/shared/PrivacySettingsScreen.tsx(452,13): error TS17004: Cannot use JSX unless the '--jsx' flag is provided.
src/presentation/screens/shared/PrivacySettingsScreen.tsx(452,14): error TS2322: Type '{ mode: "contained"; onPress: () => Promise<void>; loading: boolean; style: { backgroundColor: any; }; icon: string; }' is not assignable to type 'Omit<Props, "ref"> & RefAttributes<View>'.
  Property 'children' is missing in type '{ mode: "contained"; onPress: () => Promise<void>; loading: boolean; style: { backgroundColor: any; }; icon: string; }' but required in type 'Omit<Props, "ref">'.
